// Jest Snapshot v1, https://goo.gl/fbAQLP

exports[`the ConnectionSuccess component should render correctly 1`] = `
<Fragment>
  <WithStyles(ForwardRef(Container))>
    <WithStyles(ForwardRef(Grid))
      alignItems="center"
      container={true}
      justifyContent="space-between"
    >
      <WithStyles(ForwardRef(Grid))
        item={true}
        md={5}
      >
        <WithStyles(ForwardRef(Typography))
          gutterBottom={true}
          variant="h1"
        >
          Connection success
        </WithStyles(ForwardRef(Typography))>
        <WithStyles(ForwardRef(Typography))
          gutterBottom={true}
          variant="body1"
        >
          All connections to Twilio's servers are working correctly.
        </WithStyles(ForwardRef(Typography))>
        <WithStyles(ForwardRef(Button))
          color="primary"
          onClick={[MockFunction]}
          variant="contained"
        >
          Ok
        </WithStyles(ForwardRef(Button))>
      </WithStyles(ForwardRef(Grid))>
      <WithStyles(ForwardRef(Grid))
        className="makeStyles-illustrationContainer-1"
        item={true}
        md={5}
      >
        <img
          alt="Success"
          src="test-file-stub"
          style={
            Object {
              "height": "200px",
              "width": "245px",
            }
          }
        />
        <WithStyles(ForwardRef(Button))
          className="makeStyles-viewButton-2"
          onClick={[MockFunction]}
          variant="outlined"
        >
          <ViewIcon />
          View detailed connection information
        </WithStyles(ForwardRef(Button))>
      </WithStyles(ForwardRef(Grid))>
    </WithStyles(ForwardRef(Grid))>
  </WithStyles(ForwardRef(Container))>
</Fragment>
`;
