// Jest Snapshot v1, https://goo.gl/fbAQLP

exports[`the AudioTest component should render correctly 1`] = `
<WithStyles(ForwardRef(Container))>
  <div
    className="makeStyles-mainContainer-1"
  >
    <WithStyles(ForwardRef(Grid))
      className="makeStyles-header-5"
      item={true}
      lg={5}
    >
      <WithStyles(ForwardRef(Typography))
        gutterBottom={true}
        variant="h1"
      >
        Test your audio
      </WithStyles(ForwardRef(Typography))>
      <WithStyles(ForwardRef(Typography))
        gutterBottom={true}
        variant="body1"
      >
        Record an audio clip and play it back to check that your microphone and speaker are working. If they aren't, make sure your volume is turned up, try a different speaker or microphone, or check your bluetooth settings.
      </WithStyles(ForwardRef(Typography))>
    </WithStyles(ForwardRef(Grid))>
    <WithStyles(ForwardRef(Grid))
      className="makeStyles-audioTest-6"
      item={true}
      lg={5}
    >
      <WithStyles(ForwardRef(Paper))
        className="makeStyles-paper-2"
      >
        <div
          className="makeStyles-topLine-4"
        >
          <WithStyles(ForwardRef(Typography))
            variant="subtitle2"
          >
            <strong>
              Audio
            </strong>
          </WithStyles(ForwardRef(Typography))>
          <div>
            <WithStyles(ForwardRef(Button))
              disabled={false}
              onClick={[Function]}
              size="small"
              style={
                Object {
                  "marginRight": "1em",
                }
              }
              variant="outlined"
            >
              Record
            </WithStyles(ForwardRef(Button))>
            <WithStyles(ForwardRef(Button))
              disabled={true}
              onClick={[Function]}
              size="small"
              variant="outlined"
            >
              Play back
            </WithStyles(ForwardRef(Button))>
          </div>
        </div>
        <Memo(AudioDevice)
          disabled={false}
          kind="audiooutput"
          onDeviceChange={[Function]}
          setDeviceError={[MockFunction]}
        />
        <Memo(AudioDevice)
          disabled={false}
          error=""
          kind="audioinput"
          onDeviceChange={[Function]}
          setDeviceError={[MockFunction]}
        />
        <div
          className="makeStyles-audioLevelContainer-3"
        >
          <div
            style={
              Object {
                "display": "flex",
                "justifyContent": "center",
                "width": "2em",
              }
            }
          >
            <Memo(Microphone) />
          </div>
          <ProgressBar
            duration={0.1}
            position={0}
            style={
              Object {
                "flex": "1",
              }
            }
          />
        </div>
      </WithStyles(ForwardRef(Paper))>
    </WithStyles(ForwardRef(Grid))>
    <WithStyles(ForwardRef(Grid))
      className="makeStyles-confirmationButtons-7"
      item={true}
      lg={5}
    >
      <WithStyles(ForwardRef(Typography))
        gutterBottom={true}
        variant="body1"
      >
        <strong>
           Does your audio sound good?
        </strong>
      </WithStyles(ForwardRef(Typography))>
      <WithStyles(ForwardRef(Button))
        color="primary"
        disabled={false}
        onClick={[Function]}
        style={
          Object {
            "marginRight": "1.5em",
          }
        }
        variant="contained"
      >
        Yes
      </WithStyles(ForwardRef(Button))>
      <WithStyles(ForwardRef(Button))
        color="primary"
        disabled={false}
        onClick={[Function]}
      >
        Skip for now
      </WithStyles(ForwardRef(Button))>
    </WithStyles(ForwardRef(Grid))>
  </div>
</WithStyles(ForwardRef(Container))>
`;
