// Jest Snapshot v1, https://goo.gl/fbAQLP

exports[`the SupportedList component should render correctly 1`] = `
<Fragment>
  <WithStyles(ForwardRef(Table))
    className="makeStyles-table-2"
  >
    <WithStyles(ForwardRef(TableHead))
      className="makeStyles-tableHead-1"
    >
      <WithStyles(ForwardRef(TableRow))>
        <WithStyles(ForwardRef(TableCell))>
          <WithStyles(ForwardRef(Typography))
            variant="body1"
          >
            <strong>
              Supported browsers
            </strong>
          </WithStyles(ForwardRef(Typography))>
        </WithStyles(ForwardRef(TableCell))>
      </WithStyles(ForwardRef(TableRow))>
    </WithStyles(ForwardRef(TableHead))>
    <WithStyles(ForwardRef(TableBody))>
      <WithStyles(ForwardRef(TableRow))>
        <WithStyles(ForwardRef(TableCell))>
          <WithStyles(ForwardRef(Typography))
            variant="body1"
          >
            <WithStyles(ForwardRef(Link))
              color="inherit"
              href="https://www.google.com/chrome/"
              rel="noopener"
              target="_blank"
              underline="always"
            >
              Chrome
            </WithStyles(ForwardRef(Link))>
          </WithStyles(ForwardRef(Typography))>
        </WithStyles(ForwardRef(TableCell))>
      </WithStyles(ForwardRef(TableRow))>
      <WithStyles(ForwardRef(TableRow))>
        <WithStyles(ForwardRef(TableCell))>
          <WithStyles(ForwardRef(Typography))
            variant="body1"
          >
            <WithStyles(ForwardRef(Link))
              color="inherit"
              href="https://www.mozilla.org/en-US/firefox/new/"
              rel="noopener"
              target="_blank"
              underline="always"
            >
              Firefox
            </WithStyles(ForwardRef(Link))>
          </WithStyles(ForwardRef(Typography))>
        </WithStyles(ForwardRef(TableCell))>
      </WithStyles(ForwardRef(TableRow))>
      <WithStyles(ForwardRef(TableRow))>
        <WithStyles(ForwardRef(TableCell))>
          <WithStyles(ForwardRef(Typography))
            variant="body1"
          >
            <WithStyles(ForwardRef(Link))
              color="inherit"
              href="https://support.apple.com/downloads/safari"
              rel="noopener"
              target="_blank"
              underline="always"
            >
              Safari
            </WithStyles(ForwardRef(Link))>
          </WithStyles(ForwardRef(Typography))>
        </WithStyles(ForwardRef(TableCell))>
      </WithStyles(ForwardRef(TableRow))>
      <WithStyles(ForwardRef(TableRow))>
        <WithStyles(ForwardRef(TableCell))
          style={
            Object {
              "borderBottom": "none",
            }
          }
        >
          <WithStyles(ForwardRef(Typography))
            variant="body1"
          >
            <WithStyles(ForwardRef(Link))
              color="inherit"
              href="https://www.microsoft.com/en-us/edge"
              rel="noopener"
              target="_blank"
              underline="always"
            >
              Edge
            </WithStyles(ForwardRef(Link))>
          </WithStyles(ForwardRef(Typography))>
        </WithStyles(ForwardRef(TableCell))>
      </WithStyles(ForwardRef(TableRow))>
    </WithStyles(ForwardRef(TableBody))>
  </WithStyles(ForwardRef(Table))>
</Fragment>
`;
