// Jest Snapshot v1, https://goo.gl/fbAQLP

exports[`the QualityModal component should render correctly 1`] = `
<Fragment>
  <WithStyles(ForwardRef(Dialog))
    classes={
      Object {
        "paper": "makeStyles-modal-1",
      }
    }
    onClose={[Function]}
    open={true}
  >
    <WithStyles(ForwardRef(DialogTitle))
      disableTypography={true}
    >
      <WithStyles(ForwardRef(Typography))
        variant="h3"
      >
        Detailed quality information
      </WithStyles(ForwardRef(Typography))>
      <WithStyles(ForwardRef(IconButton))
        aria-label="close"
        className="makeStyles-closeButton-3"
        onClick={[Function]}
      >
        <Memo(ForwardRef(CloseIcon)) />
      </WithStyles(ForwardRef(IconButton))>
    </WithStyles(ForwardRef(DialogTitle))>
    <WithStyles(ForwardRef(DialogContent))
      className="makeStyles-content-2"
      dividers={true}
    >
      <WithStyles(ForwardRef(Table))>
        <WithStyles(ForwardRef(TableHead))>
          <WithStyles(ForwardRef(TableRow))>
            <WithStyles(ForwardRef(TableCell))>
              <WithStyles(ForwardRef(Typography))
                variant="body1"
              >
                <strong>
                  Network Info
                </strong>
              </WithStyles(ForwardRef(Typography))>
            </WithStyles(ForwardRef(TableCell))>
            <WithStyles(ForwardRef(TableCell))>
              <WithStyles(ForwardRef(Typography))
                variant="body1"
              >
                <strong>
                  Score
                </strong>
              </WithStyles(ForwardRef(Typography))>
            </WithStyles(ForwardRef(TableCell))>
          </WithStyles(ForwardRef(TableRow))>
        </WithStyles(ForwardRef(TableHead))>
        <WithStyles(ForwardRef(TableBody))>
          <WithStyles(ForwardRef(TableRow))>
            <WithStyles(ForwardRef(TableCell))>
              <div
                className="makeStyles-iconContainer-4"
              >
                <WithStyles(ForwardRef(Tooltip))
                  enterTouchDelay={0}
                  interactive={true}
                  leaveDelay={250}
                  leaveTouchDelay={15000}
                  title="Round-trip time (RTT) is the time a packet of data takes to go from sender to receiver and back again. High RTT can cause the video to lag, freeze, or slow down. This is usually attributed to slow or overloaded networks."
                >
                  <div>
                    <InfoIcon />
                  </div>
                </WithStyles(ForwardRef(Tooltip))>
                <WithStyles(ForwardRef(Typography))
                  variant="body1"
                >
                  <strong>
                    RTT (ms) avg/max
                  </strong>
                </WithStyles(ForwardRef(Typography))>
              </div>
            </WithStyles(ForwardRef(TableCell))>
            <WithStyles(ForwardRef(TableCell))>
              <div
                className="makeStyles-iconContainer-4"
              >
                <SuccessStatus />
                <WithStyles(ForwardRef(Typography))
                  variant="body1"
                >
                  85.2 / 192 (Excellent)
                </WithStyles(ForwardRef(Typography))>
              </div>
            </WithStyles(ForwardRef(TableCell))>
          </WithStyles(ForwardRef(TableRow))>
          <WithStyles(ForwardRef(TableRow))>
            <WithStyles(ForwardRef(TableCell))>
              <div
                className="makeStyles-iconContainer-4"
              >
                <WithStyles(ForwardRef(Tooltip))
                  enterTouchDelay={0}
                  interactive={true}
                  leaveDelay={250}
                  leaveTouchDelay={15000}
                  title="Jitter is the fluctuation of latency over time. Due to network congestion, data can take longer to travel. High jitter typically results in short bursts of video freezing, slow video, and choppy audio."
                >
                  <div>
                    <InfoIcon />
                  </div>
                </WithStyles(ForwardRef(Tooltip))>
                <WithStyles(ForwardRef(Typography))
                  variant="body1"
                >
                  <strong>
                    Jitter (s) avg/max
                  </strong>
                </WithStyles(ForwardRef(Typography))>
              </div>
            </WithStyles(ForwardRef(TableCell))>
            <WithStyles(ForwardRef(TableCell))>
              <div
                className="makeStyles-iconContainer-4"
              >
                <SuccessStatus />
                <WithStyles(ForwardRef(Typography))
                  variant="body1"
                >
                  0 / 3 (Excellent)
                </WithStyles(ForwardRef(Typography))>
              </div>
            </WithStyles(ForwardRef(TableCell))>
          </WithStyles(ForwardRef(TableRow))>
          <WithStyles(ForwardRef(TableRow))>
            <WithStyles(ForwardRef(TableCell))>
              <div
                className="makeStyles-iconContainer-4"
              >
                <WithStyles(ForwardRef(Tooltip))
                  enterTouchDelay={0}
                  interactive={true}
                  leaveDelay={250}
                  leaveTouchDelay={15000}
                  title="Packet loss is caused when data fails to reach its destination. High packet loss results in video freezing, slow video, and choppy audio. Packet loss is usually caused by overloaded routers or high CPU load on the machine."
                >
                  <div>
                    <InfoIcon />
                  </div>
                </WithStyles(ForwardRef(Tooltip))>
                <WithStyles(ForwardRef(Typography))
                  variant="body1"
                >
                  <strong>
                    Packet loss avg/max
                  </strong>
                </WithStyles(ForwardRef(Typography))>
              </div>
            </WithStyles(ForwardRef(TableCell))>
            <WithStyles(ForwardRef(TableCell))>
              <div
                className="makeStyles-iconContainer-4"
              >
                <SuccessStatus />
                <WithStyles(ForwardRef(Typography))
                  variant="body1"
                >
                  0% / 2% (Excellent)
                </WithStyles(ForwardRef(Typography))>
              </div>
            </WithStyles(ForwardRef(TableCell))>
          </WithStyles(ForwardRef(TableRow))>
          <WithStyles(ForwardRef(TableRow))>
            <WithStyles(ForwardRef(TableCell))>
              <div
                className="makeStyles-iconContainer-4"
              >
                <WithStyles(ForwardRef(Tooltip))
                  enterTouchDelay={0}
                  interactive={true}
                  leaveDelay={250}
                  leaveTouchDelay={15000}
                  title="Bitrate is the way we measure the speed of the upload and download transfers. If a sender uploads data too quickly and exceeds the transfer speed, the network gets overwhelmed and can cause issues for everyone. Symptoms of this can be frozen video, downscaled video, frame-rate drops, choppy audio, and potentially dropped connections."
                >
                  <div>
                    <InfoIcon />
                  </div>
                </WithStyles(ForwardRef(Tooltip))>
                <WithStyles(ForwardRef(Typography))
                  variant="body1"
                >
                  <strong>
                    Bitrate (kbps) avg/max
                  </strong>
                </WithStyles(ForwardRef(Typography))>
              </div>
            </WithStyles(ForwardRef(TableCell))>
            <WithStyles(ForwardRef(TableCell))>
              <div
                className="makeStyles-iconContainer-4"
              >
                <SuccessStatus />
                <WithStyles(ForwardRef(Typography))
                  variant="body1"
                >
                  8,333.98 / 11,608.06 (Excellent)
                </WithStyles(ForwardRef(Typography))>
              </div>
            </WithStyles(ForwardRef(TableCell))>
          </WithStyles(ForwardRef(TableRow))>
        </WithStyles(ForwardRef(TableBody))>
      </WithStyles(ForwardRef(Table))>
    </WithStyles(ForwardRef(DialogContent))>
  </WithStyles(ForwardRef(Dialog))>
</Fragment>
`;
